// Jest Snapshot v1, https://goo.gl/fbAQLP

exports[`should be equal object snapshot  1`] = `
Object {
  "tree": Any<Object>,
}
`;
